=== VALUACION: Mabel ===
zona: Martin, dorm: 1, m2: 41.0
lat: -32.9541101, lon: -60.6316406
estado: muy bueno, anio: 2000
--- RESOLUTION ---
resolution: GEO, confidence: ALTA
n_propiedades: 42, radio: 300
percentil: P33
--- FACTORES ---
factor_estado: 1.03, factor_calidad: 1.0
factor_anti (deprec): 0.844
f_estructural: 1.3050452712211205
factores_base (total): 1.1185413333333334
--- CALCULO ---
m2_equiv: 44.75, m2_base_venta: 1597.4291
valor_venta (before NLP): 79958.87377502114
NLP: 0.05
valor_venta (after NLP): 83956.81746377221
GAP_CIERRE: 0.92
valor_realizable: 77240.27206667044
=== VALUACION: Ayacucho ===
zona: Sexta Pellegrini, dorm: 1, m2: 27.0
lat: -32.960323, lon: -60.6299652
estado: excelente, anio: 2002
--- RESOLUTION ---
resolution: GEO, confidence: ALTA
n_propiedades: 21, radio: 300
percentil: P33
--- FACTORES ---
factor_estado: 1.1, factor_calidad: 1.0
factor_anti (deprec): 0.856
f_estructural: 1.3088691000000003
factores_base (total): 1.1362
--- CALCULO ---
m2_equiv: 27.0, m2_base_venta: 1412.502
valor_venta (before NLP): 43331.8888548
NLP: 0.05
valor_venta (after NLP): 45498.483297540006
GAP_CIERRE: 0.92
valor_realizable: 41858.60463373681
=== VALUACION: Vera Mujica ===
zona: Facultades, dorm: 1, m2: 35.0
lat: -32.9427375, lon: -60.6673362
estado: excelente, anio: 2009
--- RESOLUTION ---
resolution: GEO, confidence: MEDIA
n_propiedades: 13, radio: 300
percentil: P33
--- FACTORES ---
factor_estado: 1.1, factor_calidad: 1.0
factor_anti (deprec): 0.898
f_estructural: 0.99950004
factores_base (total): 0.9082000000000002
--- CALCULO ---
m2_equiv: 43.75, m2_base_venta: 1303.4728
valor_venta (before NLP): 51791.86236700001
NLP: 0.12000000000000001
valor_venta (after NLP): 58006.88585104002
GAP_CIERRE: 0.92
valor_realizable: 53366.33498295682
=== VALUACION: P1200 ===
zona: Centro, dorm: 2, m2: 83.0
lat: -32.9569614, lon: -60.6421636
estado: muy bueno, anio: 1977
--- RESOLUTION ---
resolution: GEO, confidence: ALTA
n_propiedades: 16, radio: 300
percentil: P33
--- FACTORES ---
factor_estado: 1.03, factor_calidad: 1.0
factor_anti (deprec): 0.706
f_estructural: 1.8423610320345263
factores_base (total): 1.1059999999999999
--- CALCULO ---
m2_equiv: 88.85, m2_base_venta: 1368.2195
valor_venta (before NLP): 134452.33064794997
NLP: 0
valor_venta (after NLP): 134452.33064794997
GAP_CIERRE: 0.92
valor_realizable: 123696.14419611398
=== VALUACION: Mabel ===
zona: Martin, dorm: 1, m2: 41.0
lat: -32.9541101, lon: -60.6316406
estado: muy bueno, anio: 2000
--- RESOLUTION ---
resolution: GEO, confidence: ALTA
n_propiedades: 42, radio: 300
percentil: P33
--- FACTORES ---
factor_estado: 1.03, factor_calidad: 1.0
factor_anti (deprec): 0.844
f_estructural: 1.3050452712211205
factores_base (total): 1.1185413333333334
--- CALCULO ---
m2_equiv: 44.75, m2_base_venta: 1597.4291
valor_venta (before NLP): 79958.87377502114
NLP: 0.05
valor_venta (after NLP): 83956.81746377221
GAP_CIERRE: 0.92
valor_realizable: 77240.27206667044
=== VALUACION: Ayacucho ===
zona: Sexta Pellegrini, dorm: 1, m2: 27.0
lat: -32.960323, lon: -60.6299652
estado: excelente, anio: 2002
--- RESOLUTION ---
resolution: GEO, confidence: ALTA
n_propiedades: 21, radio: 300
percentil: P33
--- FACTORES ---
factor_estado: 1.1, factor_calidad: 1.0
factor_anti (deprec): 0.856
f_estructural: 1.3088691000000003
factores_base (total): 1.1362
--- CALCULO ---
m2_equiv: 27.0, m2_base_venta: 1412.502
valor_venta (before NLP): 43331.8888548
NLP: 0.05
valor_venta (after NLP): 45498.483297540006
GAP_CIERRE: 0.92
valor_realizable: 41858.60463373681
=== VALUACION: Vera Mujica ===
zona: Facultades, dorm: 1, m2: 35.0
lat: -32.9427375, lon: -60.6673362
estado: excelente, anio: 2009
--- RESOLUTION ---
resolution: GEO, confidence: MEDIA
n_propiedades: 13, radio: 300
percentil: P33
--- FACTORES ---
factor_estado: 1.1, factor_calidad: 1.0
factor_anti (deprec): 0.898
f_estructural: 0.99950004
factores_base (total): 0.9082000000000002
--- CALCULO ---
m2_equiv: 43.75, m2_base_venta: 1303.4728
valor_venta (before NLP): 51791.86236700001
NLP: 0.12000000000000001
valor_venta (after NLP): 58006.88585104002
GAP_CIERRE: 0.92
valor_realizable: 53366.33498295682
=== VALUACION: P1200 ===
zona: Centro, dorm: 2, m2: 83.0
lat: -32.9569614, lon: -60.6421636
estado: muy bueno, anio: 1977
--- RESOLUTION ---
resolution: GEO, confidence: ALTA
n_propiedades: 16, radio: 300
percentil: P33
--- FACTORES ---
factor_estado: 1.03, factor_calidad: 1.0
factor_anti (deprec): 0.706
f_estructural: 1.8423610320345263
factores_base (total): 1.1059999999999999
--- CALCULO ---
m2_equiv: 88.85, m2_base_venta: 1368.2195
valor_venta (before NLP): 134452.33064794997
NLP: 0
valor_venta (after NLP): 134452.33064794997
GAP_CIERRE: 0.92
valor_realizable: 123696.14419611398
